// Vitest Snapshot v1, https://vitest.dev/guide/snapshot.html

exports[`er game  > homework graphs > solve 1`] = `
{
  "1": [
    "a",
    {
      "2": "b",
      "3": "b",
      "4": "d",
      "5": "d",
      "b": "2",
      "c": "2",
      "d": "4",
      "e": "4",
    },
  ],
  "2": [
    "b",
    {
      "1": "a",
      "3": "a",
      "4": "a",
      "5": "a",
      "a": "1",
      "c": "1",
      "d": "1",
      "e": "1",
    },
  ],
  "3": [
    "b",
    {
      "1": "a",
      "2": "a",
      "4": "a",
      "5": "a",
      "a": "1",
      "c": "1",
      "d": "1",
      "e": "1",
    },
  ],
  "4": [
    "a",
    {
      "1": "d",
      "2": "b",
      "3": "b",
      "5": "b",
      "b": "2",
      "c": "2",
      "d": "1",
      "e": "1",
    },
  ],
  "5": [
    "a",
    {
      "1": "d",
      "2": "b",
      "3": "b",
      "4": "b",
      "b": "2",
      "c": "2",
      "d": "1",
      "e": "1",
    },
  ],
  "a": [
    "1",
    {
      "2": "b",
      "3": "b",
      "4": "d",
      "5": "d",
      "b": "2",
      "c": "2",
      "d": "4",
      "e": "4",
    },
  ],
  "b": [
    "2",
    {
      "1": "a",
      "3": "a",
      "4": "a",
      "5": "a",
      "a": "1",
      "c": "1",
      "d": "1",
      "e": "1",
    },
  ],
  "c": [
    "1",
    {
      "2": "a",
      "3": "a",
      "4": "d",
      "5": "d",
      "a": "2",
      "b": "2",
      "d": "4",
      "e": "4",
    },
  ],
  "d": [
    "1",
    {
      "2": "b",
      "3": "b",
      "4": "a",
      "5": "a",
      "a": "4",
      "b": "2",
      "c": "4",
      "e": "2",
    },
  ],
  "e": [
    "1",
    {
      "2": "b",
      "3": "b",
      "4": "a",
      "5": "a",
      "a": "4",
      "b": "2",
      "c": "4",
      "d": "2",
    },
  ],
}
`;

exports[`er game  > homework graphs > solve with fixed initial moves 1`] = `
{
  "2": "b",
  "3": "b",
  "4": "d",
  "5": "d",
  "b": "2",
  "c": "2",
  "d": "4",
  "e": "4",
}
`;
